// Jest Snapshot v1, https://goo.gl/fbAQLP

exports[`TextSelector component renders TextSelector 1`] = `
<Fragment>
  <input
    name="textBox"
    onChange={[Function]}
    value=""
  />
  <p />
</Fragment>
`;
